2026-10-04 01:59:12,278 [INFO] Iniciando la extraccion de canales de AK47Sports...
2026-10-04 01:59:12,401 [INFO] Firebase Remote Config devolvio el servidor activo: https://hellobabu.xyz/
2026-10-04 01:59:12,402 [INFO] Obteniendo categorias desde https://hellobabu.xyz/sports.txt...
2026-10-04 01:59:12,452 [INFO] Obtenidas 168 categorias de sports.txt
2026-10-04 01:59:12,789 [INFO] Procesando categoria 'Sports HD' (81 canales en paralelo)...
2026-10-04 01:59:13,236 [INFO] Procesando categoria 'FIFA WC' (31 canales en paralelo)...
2026-10-04 01:59:13,485 [INFO] Procesando categoria 'Sports TV' (19 canales en paralelo)...
2026-10-04 01:59:13,717 [INFO] Procesando categoria 'MLB LIVE' (17 canales en paralelo)...
2026-10-04 01:59:13,870 [INFO] Procesando categoria 'Cricket' (14 canales en paralelo)...
2026-10-04 01:59:13,902 [INFO] Procesando categoria 'TNT SPORTS' (9 canales en paralelo)...
2026-10-04 01:59:13,940 [INFO] Procesando categoria 'AK47 SPORTS' (18 canales en paralelo)...
2026-10-04 01:59:14,004 [INFO] Procesando categoria 'CANAIS DO BRASIL' (23 canales en paralelo)...
2026-10-04 01:59:14,109 [INFO] Procesando categoria 'ARAB SPORTS' (41 canales en paralelo)...
2026-10-04 01:59:14,227 [INFO] Procesando categoria 'BBC Sports' (4 canales en paralelo)...
2026-10-04 01:59:14,291 [INFO] Procesando categoria 'FANCODE Events' (2 canales en paralelo)...
2026-10-04 01:59:14,315 [INFO] Procesando categoria 'Fubo Sports' (4 canales en paralelo)...
2026-10-04 01:59:14,340 [INFO] Procesando categoria 'ESPN' (12 canales en paralelo)...
2026-10-04 01:59:14,391 [INFO] Procesando categoria 'ITV UK' (5 canales en paralelo)...
2026-10-04 01:59:14,440 [INFO] Procesando categoria 'Premier Sports Ireland' (3 canales en paralelo)...
2026-10-04 01:59:14,486 [INFO] Procesando categoria 'STAN AU' (1 canales en paralelo)...
2026-10-04 01:59:14,523 [INFO] Procesando categoria 'TSN SPORTS' (6 canales en paralelo)...
2026-10-04 01:59:14,587 [INFO] Procesando categoria 'Fox Sports' (18 canales en paralelo)...
2026-10-04 01:59:14,673 [INFO] Procesando categoria 'Bein Sports' (9 canales en paralelo)...
2026-10-04 01:59:14,737 [INFO] Procesando categoria 'CBS Sports' (3 canales en paralelo)...
2026-10-04 01:59:14,774 [INFO] Procesando categoria 'Sky Sports NZ' (10 canales en paralelo)...
2026-10-04 01:59:14,834 [INFO] Procesando categoria 'D SPORTS' (1 canales en paralelo)...
2026-10-04 01:59:14,867 [INFO] Procesando categoria 'SuperSort' (17 canales en paralelo)...
2026-10-04 01:59:14,944 [INFO] Procesando categoria 'DAZN' (18 canales en paralelo)...
2026-10-04 01:59:15,008 [INFO] Procesando categoria 'AZAM SPORT' (7 canales en paralelo)...
2026-10-04 01:59:15,058 [INFO] Procesando categoria 'Sport TV' (11 canales en paralelo)...
2026-10-04 01:59:15,115 [INFO] Procesando categoria 'Sport Tv' (5 canales en paralelo)...
2026-10-04 01:59:15,155 [INFO] Procesando categoria 'Cosmote Sports' (5 canales en paralelo)...
2026-10-04 01:59:15,197 [INFO] Procesando categoria 'ITALIA 1' (1 canales en paralelo)...
2026-10-04 01:59:15,237 [INFO] Procesando categoria 'TELEMUNDO' (2 canales en paralelo)...
2026-10-04 01:59:15,281 [INFO] Procesando categoria 'MBC Shahid' (5 canales en paralelo)...
2026-10-04 01:59:15,347 [INFO] Procesando categoria 'LALIGA' (5 canales en paralelo)...
2026-10-04 01:59:15,410 [INFO] Procesando categoria 'Movistar' (9 canales en paralelo)...
2026-10-04 01:59:15,440 [INFO] Procesando categoria 'Arena Sports' (5 canales en paralelo)...
2026-10-04 01:59:15,519 [INFO] Procesando categoria 'Sportdigital' (2 canales en paralelo)...
2026-10-04 01:59:15,571 [INFO] Procesando categoria 'Si Solo Calcio' (1 canales en paralelo)...
2026-10-04 01:59:15,607 [INFO] Procesando categoria 'Sport CZ' (2 canales en paralelo)...
2026-10-04 01:59:15,668 [INFO] Procesando categoria 'América TV' (1 canales en paralelo)...
2026-10-04 01:59:15,737 [INFO] Procesando categoria 'Sport' (2 canales en paralelo)...
2026-10-04 01:59:15,793 [INFO] Procesando categoria 'Sport Germany' (1 canales en paralelo)...
2026-10-04 01:59:15,831 [INFO] Procesando categoria 'ELEVEN Sports' (6 canales en paralelo)...
2026-10-04 01:59:15,902 [INFO] Procesando categoria 'Nova Sports' (10 canales en paralelo)...
2026-10-04 01:59:15,945 [INFO] Procesando categoria 'USA NETWORK' (1 canales en paralelo)...
2026-10-04 01:59:15,971 [INFO] Procesando categoria 'TUDN' (4 canales en paralelo)...
2026-10-04 01:59:16,000 [INFO] Procesando categoria 'Win Sports' (3 canales en paralelo)...
2026-10-04 01:59:16,029 [INFO] Procesando categoria 'Setanta Sports' (2 canales en paralelo)...
2026-10-04 01:59:16,070 [INFO] Procesando categoria 'Bundesliga' (3 canales en paralelo)...
2026-10-04 01:59:16,109 [INFO] Procesando categoria 'Premier League' (2 canales en paralelo)...
2026-10-04 01:59:16,151 [INFO] Procesando categoria 'Real Madrid TV' (1 canales en paralelo)...
2026-10-04 01:59:16,188 [INFO] Procesando categoria 'NBC Sports' (4 canales en paralelo)...
2026-10-04 01:59:16,247 [INFO] Procesando categoria 'SPOTV' (2 canales en paralelo)...
2026-10-04 01:59:16,286 [INFO] Procesando categoria 'Euro Sport' (5 canales en paralelo)...
2026-10-04 01:59:16,325 [INFO] Procesando categoria 'NBA' (2 canales en paralelo)...
2026-10-04 01:59:16,362 [INFO] Procesando categoria 'MLB' (1 canales en paralelo)...
2026-10-04 01:59:16,401 [INFO] Procesando categoria 'NFL' (2 canales en paralelo)...
2026-10-04 01:59:16,426 [INFO] Procesando categoria 'Tennis' (5 canales en paralelo)...
2026-10-04 01:59:16,478 [INFO] Procesando categoria 'Willow Sports' (1 canales en paralelo)...
2026-10-04 01:59:16,514 [INFO] Procesando categoria 'MU TV' (2 canales en paralelo)...
2026-10-04 01:59:16,547 [INFO] Procesando categoria 'Top Barca' (1 canales en paralelo)...
2026-10-04 01:59:16,599 [INFO] Procesando categoria 'GOLF' (10 canales en paralelo)...
2026-10-04 01:59:16,644 [INFO] Procesando categoria 'WWE' (29 canales en paralelo)...
2026-10-04 01:59:16,753 [INFO] Procesando categoria 'FIFA+' (3 canales en paralelo)...
2026-10-04 01:59:16,821 [INFO] Procesando categoria 'DD Sports' (2 canales en paralelo)...
2026-10-04 01:59:16,864 [INFO] Procesando categoria 'StrongMan CL' (1 canales en paralelo)...
2026-10-04 01:59:16,899 [INFO] Procesando categoria 'BEK Sports' (1 canales en paralelo)...
2026-10-04 01:59:16,941 [INFO] Procesando categoria 'GO 3' (3 canales en paralelo)...
2026-10-04 01:59:16,977 [INFO] Procesando categoria 'RAI SPORTS' (2 canales en paralelo)...
2026-10-04 01:59:17,022 [INFO] Procesando categoria 'Tap Sports' (1 canales en paralelo)...
2026-10-04 01:59:17,052 [INFO] Procesando categoria 'RTVS Sport' (1 canales en paralelo)...
2026-10-04 01:59:17,084 [INFO] Procesando categoria 'Sportitalia Plus' (1 canales en paralelo)...
2026-10-04 01:59:17,156 [INFO] Procesando categoria 'Horse TV' (2 canales en paralelo)...
2026-10-04 01:59:17,233 [INFO] Procesando categoria 'Cazétv TV' (2 canales en paralelo)...
2026-10-04 01:59:17,279 [INFO] Procesando categoria 'Formula 1' (1 canales en paralelo)...
2026-10-04 01:59:17,311 [INFO] Procesando categoria 'Tamanyah' (1 canales en paralelo)...
2026-10-04 01:59:17,408 [INFO] Procesando categoria 'One Friday Fights' (1 canales en paralelo)...
2026-10-04 01:59:17,459 [INFO] Procesando categoria 'TNA Impact' (1 canales en paralelo)...
2026-10-04 01:59:17,504 [INFO] Procesando categoria 'PGA Tour' (1 canales en paralelo)...
2026-10-04 01:59:17,571 [INFO] Procesando categoria 'DP World Tour' (1 canales en paralelo)...
2026-10-04 01:59:17,656 [INFO] Procesando categoria 'Red Bull TV' (1 canales en paralelo)...
2026-10-04 01:59:17,750 [INFO] Procesando categoria 'HBO Boxing' (1 canales en paralelo)...
2026-10-04 01:59:17,797 [INFO] Procesando categoria 'Unbeaten' (1 canales en paralelo)...
2026-10-04 01:59:17,842 [INFO] Procesando categoria 'TalkSport' (1 canales en paralelo)...
2026-10-04 01:59:17,884 [INFO] Procesando categoria 'Stadium' (1 canales en paralelo)...
2026-10-04 01:59:17,955 [INFO] Procesando categoria 'TRT 1' (1 canales en paralelo)...
2026-10-04 01:59:18,042 [INFO] Procesando categoria 'Africa 24 Sport' (1 canales en paralelo)...
2026-10-04 01:59:18,080 [INFO] Procesando categoria 'ME WATCH' (1 canales en paralelo)...
2026-10-04 01:59:18,123 [INFO] Procesando categoria 'Persiana Sports' (1 canales en paralelo)...
2026-10-04 01:59:18,179 [INFO] Procesando categoria 'PAC 12 INSIDER' (1 canales en paralelo)...
2026-10-04 01:59:18,222 [INFO] Procesando categoria 'Persiana' (1 canales en paralelo)...
2026-10-04 01:59:18,270 [INFO] Procesando categoria 'HTSpor TV' (1 canales en paralelo)...
2026-10-04 01:59:18,304 [INFO] Procesando categoria 'Kozoom TV' (1 canales en paralelo)...
2026-10-04 01:59:18,344 [INFO] Procesando categoria 'Nautical Channel' (1 canales en paralelo)...
2026-10-04 01:59:18,396 [INFO] Procesando categoria 'Realitatea Sportiva' (1 canales en paralelo)...
2026-10-04 01:59:18,440 [INFO] Procesando categoria 'SportsGrid' (1 canales en paralelo)...
2026-10-04 01:59:18,482 [INFO] Procesando categoria 'Strongman' (2 canales en paralelo)...
2026-10-04 01:59:18,530 [INFO] Procesando categoria 'TR Sport' (1 canales en paralelo)...
2026-10-04 01:59:18,587 [INFO] Procesando categoria 'Trace Sport' (1 canales en paralelo)...
2026-10-04 01:59:18,642 [INFO] Procesando categoria 'ČT Sport' (1 canales en paralelo)...
2026-10-04 01:59:18,679 [INFO] Procesando categoria 'ACI Sport TV' (1 canales en paralelo)...
2026-10-04 01:59:18,714 [INFO] Procesando categoria 'ACCDN' (1 canales en paralelo)...
2026-10-04 01:59:18,784 [INFO] Procesando categoria 'Art Motion' (1 canales en paralelo)...
2026-10-04 01:59:18,831 [INFO] Procesando categoria 'CARLO HD' (1 canales en paralelo)...
2026-10-04 01:59:18,876 [INFO] Procesando categoria 'TVP SPORTS' (2 canales en paralelo)...
2026-10-04 01:59:18,911 [INFO] Procesando categoria 'RDS CA' (3 canales en paralelo)...
2026-10-04 01:59:18,956 [INFO] Procesando categoria 'SPORTSNET' (1 canales en paralelo)...
2026-10-04 01:59:18,994 [INFO] Procesando categoria 'UFC' (1 canales en paralelo)...
2026-10-04 01:59:19,041 [INFO] Procesando categoria 'Milan TV' (1 canales en paralelo)...
2026-10-04 01:59:19,076 [INFO] Procesando categoria 'Inter TV' (1 canales en paralelo)...
2026-10-04 01:59:19,123 [INFO] Procesando categoria 'L'Equipe' (1 canales en paralelo)...
2026-10-04 01:59:19,169 [INFO] Procesando categoria 'T Sports' (1 canales en paralelo)...
2026-10-04 01:59:19,322 [INFO] Procesando categoria 'RMA TV' (1 canales en paralelo)...
2026-10-04 01:59:19,729 [INFO] Procesando categoria 'GE TV' (1 canales en paralelo)...
2026-10-04 01:59:19,900 [INFO] Procesando categoria 'BLUE SPORTS' (1 canales en paralelo)...
2026-10-04 01:59:20,016 [INFO] Procesando categoria 'AK SP' (1 canales en paralelo)...
2026-10-04 01:59:20,094 [INFO] Procesando categoria 'Ligue FRANCE' (1 canales en paralelo)...
2026-10-04 01:59:20,204 [INFO] Procesando categoria 'ON FOOTBALL' (2 canales en paralelo)...
2026-10-04 01:59:20,550 [INFO] Procesando categoria 'VIX ESPANOL' (2 canales en paralelo)...
2026-10-04 01:59:20,666 [INFO] Procesando categoria 'CHANNEL 4UK' (1 canales en paralelo)...
2026-10-04 01:59:20,712 [INFO] Procesando categoria 'MotoGP' (1 canales en paralelo)...
2026-10-04 01:59:21,041 [INFO] Procesando categoria 'RUGBY PASS' (1 canales en paralelo)...
2026-10-04 01:59:21,125 [INFO] Procesando categoria 'AYM SPORTS' (1 canales en paralelo)...
2026-10-04 01:59:21,236 [INFO] Procesando categoria 'Canal 5 MX' (1 canales en paralelo)...
2026-10-04 01:59:21,272 [INFO] Procesando categoria 'LA SPAIN' (1 canales en paralelo)...
2026-10-04 01:59:21,294 [INFO] Obteniendo categorias desde https://hellobabu.xyz/categories.txt...
2026-10-04 01:59:21,305 [INFO] Obtenidas 164 categorias de categories.txt
2026-10-04 01:59:21,342 [INFO] Procesando categoria 'HBO TV' (6 canales en paralelo)...
2026-10-04 01:59:21,451 [INFO] Procesando categoria 'AK TV' (10 canales en paralelo)...
2026-10-04 01:59:24,013 [WARNING] Error al descargar playlist M3U externa https://dolanteram.xyz/playlist/global/app/playlist.m3u?id=940f9db662c9: HTTPSConnectionPool(host='dolanteram.xyz', port=443): Max retries exceeded with url: /playlist/global/app/playlist.m3u?id=940f9db662c9 (Caused by SSLError(SSLError(1, '[SSL: TLSV1_ALERT_INTERNAL_ERROR] tlsv1 alert internal error (_ssl.c:1082)')))
2026-10-04 01:59:24,159 [WARNING] Error al descargar playlist M3U externa https://dolanteram.xyz/playlist/global/app/playlist.m3u?id=940f9db662c9|user-agent=Mozilla/5.0 (Windows NT 10.0; rv:78.0) Gecko/20100101 Firefox/78.0: HTTPSConnectionPool(host='dolanteram.xyz', port=443): Max retries exceeded with url: /playlist/global/app/playlist.m3u?id=940f9db662c9%7Cuser-agent=Mozilla/5.0%20(Windows%20NT%2010.0;%20rv:78.0)%20Gecko/20100101%20Firefox/78.0 (Caused by SSLError(SSLError(1, '[SSL: TLSV1_ALERT_INTERNAL_ERROR] tlsv1 alert internal error (_ssl.c:1082)')))
2026-10-04 01:59:24,309 [WARNING] Error al descargar playlist M3U externa https://dolanteram.xyz/playlist/global/app/playlist.m3u?id=a607f9cf1e02: HTTPSConnectionPool(host='dolanteram.xyz', port=443): Max retries exceeded with url: /playlist/global/app/playlist.m3u?id=a607f9cf1e02 (Caused by SSLError(SSLError(1, '[SSL: TLSV1_ALERT_INTERNAL_ERROR] tlsv1 alert internal error (_ssl.c:1082)')))
2026-10-04 01:59:25,107 [WARNING] Error al descargar playlist M3U externa https://dolanteram.xyz/playlist/global/app/playlist.m3u?id=8a8e656b65ec: HTTPSConnectionPool(host='dolanteram.xyz', port=443): Max retries exceeded with url: /playlist/global/app/playlist.m3u?id=8a8e656b65ec (Caused by SSLError(SSLError(1, '[SSL: TLSV1_ALERT_INTERNAL_ERROR] tlsv1 alert internal error (_ssl.c:1082)')))
2026-10-04 01:59:25,383 [WARNING] Error al descargar playlist M3U externa https://dolanteram.xyz/playlist/global/app/playlist.m3u?id=29a1b174738b: HTTPSConnectionPool(host='dolanteram.xyz', port=443): Max retries exceeded with url: /playlist/global/app/playlist.m3u?id=29a1b174738b (Caused by SSLError(SSLError(1, '[SSL: TLSV1_ALERT_INTERNAL_ERROR] tlsv1 alert internal error (_ssl.c:1082)')))
2026-10-04 01:59:26,057 [WARNING] Error al descargar playlist M3U externa https://dolanteram.xyz/playlist/global/app/playlist.m3u?id=29a1b174738b|user-agent=Mozilla/5.0 (Windows NT 10.0; rv:78.0) Gecko/20100101 Firefox/78.0: HTTPSConnectionPool(host='dolanteram.xyz', port=443): Max retries exceeded with url: /playlist/global/app/playlist.m3u?id=29a1b174738b%7Cuser-agent=Mozilla/5.0%20(Windows%20NT%2010.0;%20rv:78.0)%20Gecko/20100101%20Firefox/78.0 (Caused by SSLError(SSLError(1, '[SSL: TLSV1_ALERT_INTERNAL_ERROR] tlsv1 alert internal error (_ssl.c:1082)')))
2026-10-04 01:59:26,912 [WARNING] Error al descargar playlist M3U externa https://dolanteram.xyz/playlist/global/app/playlist.m3u?id=563e69359077: HTTPSConnectionPool(host='dolanteram.xyz', port=443): Max retries exceeded with url: /playlist/global/app/playlist.m3u?id=563e69359077 (Caused by SSLError(SSLError(1, '[SSL: TLSV1_ALERT_INTERNAL_ERROR] tlsv1 alert internal error (_ssl.c:1082)')))
2026-10-04 01:59:27,135 [WARNING] Error al descargar playlist M3U externa https://dolanteram.xyz/playlist/global/app/playlist.m3u?id=8a8e656b65ec: HTTPSConnectionPool(host='dolanteram.xyz', port=443): Max retries exceeded with url: /playlist/global/app/playlist.m3u?id=8a8e656b65ec (Caused by SSLError(SSLError(1, '[SSL: TLSV1_ALERT_INTERNAL_ERROR] tlsv1 alert internal error (_ssl.c:1082)')))
2026-10-04 01:59:27,277 [WARNING] Error al descargar playlist M3U externa https://dolanteram.xyz/playlist/global/app/playlist.m3u?id=798e1112d2e5: HTTPSConnectionPool(host='dolanteram.xyz', port=443): Max retries exceeded with url: /playlist/global/app/playlist.m3u?id=798e1112d2e5 (Caused by SSLError(SSLError(1, '[SSL: TLSV1_ALERT_INTERNAL_ERROR] tlsv1 alert internal error (_ssl.c:1082)')))
2026-10-04 01:59:32,255 [WARNING] Error al descargar playlist M3U externa https://alex4528.site/playlist/amzusa.m3u: HTTPSConnectionPool(host='alex4528.site', port=443): Read timed out. (read timeout=3)
2026-10-04 01:59:32,504 [WARNING] Error al descargar playlist M3U externa https://dolanteram.xyz/playlist/global/app/playlist.m3u?id=cc62a9bdf96b: HTTPSConnectionPool(host='dolanteram.xyz', port=443): Max retries exceeded with url: /playlist/global/app/playlist.m3u?id=cc62a9bdf96b (Caused by SSLError(SSLError(1, '[SSL: TLSV1_ALERT_INTERNAL_ERROR] tlsv1 alert internal error (_ssl.c:1082)')))
2026-10-04 01:59:32,708 [WARNING] Error al descargar playlist M3U externa https://dolanteram.xyz/playlist/global/app/playlist.m3u?id=a607f9cf1e02: HTTPSConnectionPool(host='dolanteram.xyz', port=443): Max retries exceeded with url: /playlist/global/app/playlist.m3u?id=a607f9cf1e02 (Caused by SSLError(SSLError(1, '[SSL: TLSV1_ALERT_INTERNAL_ERROR] tlsv1 alert internal error (_ssl.c:1082)')))
2026-10-04 01:59:32,810 [WARNING] Error al descargar playlist M3U externa https://dolanteram.xyz/playlist/global/app/playlist.m3u?id=57ac94c7179a: HTTPSConnectionPool(host='dolanteram.xyz', port=443): Max retries exceeded with url: /playlist/global/app/playlist.m3u?id=57ac94c7179a (Caused by SSLError(SSLError(1, '[SSL: TLSV1_ALERT_INTERNAL_ERROR] tlsv1 alert internal error (_ssl.c:1082)')))
2026-10-04 01:59:32,856 [WARNING] Error al descargar playlist M3U externa https://dolanteram.xyz/playlist/global/app/playlist.m3u?id=940f9db662c9: HTTPSConnectionPool(host='dolanteram.xyz', port=443): Max retries exceeded with url: /playlist/global/app/playlist.m3u?id=940f9db662c9 (Caused by SSLError(SSLError(1, '[SSL: TLSV1_ALERT_INTERNAL_ERROR] tlsv1 alert internal error (_ssl.c:1082)')))
2026-10-04 01:59:35,042 [WARNING] Error al descargar playlist M3U externa https://dolanteram.xyz/playlist/global/app/playlist.m3u?id=940f9db662c9: HTTPSConnectionPool(host='dolanteram.xyz', port=443): Max retries exceeded with url: /playlist/global/app/playlist.m3u?id=940f9db662c9 (Caused by SSLError(SSLError(1, '[SSL: TLSV1_ALERT_INTERNAL_ERROR] tlsv1 alert internal error (_ssl.c:1082)')))
2026-10-04 01:59:35,042 [INFO] Total de canales extraidos: 31999
2026-10-04 01:59:35,064 [INFO] Lista guardada exitosamente en 'lista_ak47sports.m3u'
